// Jest Snapshot v1, https://goo.gl/fbAQLP

exports[`usage of graph 1`] = `undefined`;
